[askbootstrap.com/preview/swiggi/home.html]
[askbootstrap.com/preview/swiggi/img/fav.png]
[backblue.gif]
[fade.gif]
[index.html]
[askbootstrap.com/preview/swiggi/vendor/slick/slick.min.css]
[askbootstrap.com/preview/swiggi/vendor/slick/slick-theme.min.css]
[askbootstrap.com/preview/swiggi/vendor/icons/feather.css]
[askbootstrap.com/preview/swiggi/vendor/bootstrap/css/bootstrap.min.css]
[askbootstrap.com/preview/swiggi/css/style.css]
[askbootstrap.com/preview/swiggi/vendor/sidebar/demo.css]
[askbootstrap.com/preview/swiggi/trending.html]
[askbootstrap.com/preview/swiggi/img/icons/Fries.png]
[askbootstrap.com/preview/swiggi/img/icons/Pizza.png]
[askbootstrap.com/preview/swiggi/img/icons/Burger.png]
[askbootstrap.com/preview/swiggi/img/icons/Sandwich.png]
[askbootstrap.com/preview/swiggi/img/icons/Coffee.png]
[askbootstrap.com/preview/swiggi/img/icons/Steak.png]
[askbootstrap.com/preview/swiggi/img/icons/ColaCan.png]
[askbootstrap.com/preview/swiggi/img/icons/Breakfast.png]
[askbootstrap.com/preview/swiggi/img/icons/Salad.png]
[askbootstrap.com/preview/swiggi/restaurant.html]
[askbootstrap.com/preview/swiggi/img/trending1.png]
[askbootstrap.com/preview/swiggi/img/trending2.png]
[askbootstrap.com/preview/swiggi/img/trending3.png]
[askbootstrap.com/preview/swiggi/img/pro1.jpg]
[askbootstrap.com/preview/swiggi/img/pro2.jpg]
[askbootstrap.com/preview/swiggi/img/pro3.jpg]
[askbootstrap.com/preview/swiggi/img/pro4.jpg]
[askbootstrap.com/preview/swiggi/most_popular.html]
[askbootstrap.com/preview/swiggi/img/popular1.png]
[askbootstrap.com/preview/swiggi/img/popular2.png]
[askbootstrap.com/preview/swiggi/img/popular3.png]
[askbootstrap.com/preview/swiggi/img/popular4.png]
[askbootstrap.com/preview/swiggi/img/sales1.png]
[askbootstrap.com/preview/swiggi/img/sales2.png]
[askbootstrap.com/preview/swiggi/img/sales3.png]
[askbootstrap.com/preview/swiggi/checkout.html]
[askbootstrap.com/preview/swiggi/favorites.html]
[askbootstrap.com/preview/swiggi/profile.html]
[askbootstrap.com/preview/swiggi/index.html]
[askbootstrap.com/preview/swiggi/landing.html]
[askbootstrap.com/preview/swiggi/login.html]
[askbootstrap.com/preview/swiggi/signup.html]
[askbootstrap.com/preview/swiggi/forgot_password.html]
[askbootstrap.com/preview/swiggi/verification.html]
[askbootstrap.com/preview/swiggi/location.html]
[askbootstrap.com/preview/swiggi/select_country.html]
[askbootstrap.com/preview/swiggi/recipe.html]
[askbootstrap.com/preview/swiggi/map.html]
[askbootstrap.com/preview/swiggi/payment.html]
[askbootstrap.com/preview/swiggi/filters.html]
[askbootstrap.com/preview/swiggi/terms.html]
[askbootstrap.com/preview/swiggi/faq.html]
[askbootstrap.com/preview/swiggi/privacy.html]
[askbootstrap.com/preview/swiggi/contact-us.html]
[askbootstrap.com/preview/swiggi/not-found.html]
[askbootstrap.com/preview/swiggi/maintence.html]
[askbootstrap.com/preview/swiggi/coming-soon.html]
[askbootstrap.com/preview/swiggi/vendor/jquery/jquery.min.js]
[askbootstrap.com/preview/swiggi/vendor/bootstrap/js/bootstrap.bundle.min.js]
[askbootstrap.com/preview/swiggi/vendor/slick/slick.min.js]
[askbootstrap.com/preview/swiggi/vendor/sidebar/hc-offcanvas-nav.js]
[askbootstrap.com/preview/swiggi/js/osahan.js]
[askbootstrap.com/preview/swiggi/home.html]
[askbootstrap.com/preview/swiggi/vendor/slick/slick.min.css]
[askbootstrap.com/cdn-cgi/scripts/7d0fa10a/cloudflare-static/rocket-loader.min.js]
[askbootstrap.com/preview/swiggi/vendor/slick/ajax-loader.gif]
[askbootstrap.com/preview/swiggi/vendor/slick/fonts/slick.eot]
[askbootstrap.com/preview/swiggi/vendor/slick/fonts/slickd41d.eot]
[askbootstrap.com/preview/swiggi/vendor/slick/fonts/slick.woff]
[askbootstrap.com/preview/swiggi/vendor/slick/fonts/slick.ttf]
[askbootstrap.com/preview/swiggi/vendor/slick/slick-theme.min.css]
[askbootstrap.com/preview/swiggi/vendor/slick/fonts/slick.svg]
[askbootstrap.com/preview/swiggi/vendor/icons/fonts/Feather144f.ttf]
[askbootstrap.com/preview/swiggi/vendor/icons/fonts/Feather144f.woff]
[askbootstrap.com/preview/swiggi/vendor/icons/feather.css]
[askbootstrap.com/preview/swiggi/vendor/bootstrap/css/bootstrap.min.css]
[askbootstrap.com/preview/swiggi/css/style.css]
[askbootstrap.com/preview/swiggi/vendor/sidebar/demo.css]
[askbootstrap.com/preview/swiggi/vendor/icons/fonts/Feather144f.svg]
[askbootstrap.com/preview/swiggi/img/trending4.png]
[askbootstrap.com/preview/swiggi/img/trending5.png]
[askbootstrap.com/preview/swiggi/img/trending6.png]
[askbootstrap.com/preview/swiggi/img/trending7.png]
[askbootstrap.com/preview/swiggi/img/trending8.png]
[askbootstrap.com/preview/swiggi/trending.html]
[askbootstrap.com/preview/swiggi/img/starter1.jpg]
[askbootstrap.com/preview/swiggi/img/starter2.jpg]
[askbootstrap.com/preview/swiggi/img/starter3.jpg]
[askbootstrap.com/preview/swiggi/img/reviewer1.png]
[askbootstrap.com/preview/swiggi/img/reviewer3.png]
[askbootstrap.com/preview/swiggi/img/reviewer4.png]
[askbootstrap.com/preview/swiggi/img/reviewer5.png]
[askbootstrap.com/preview/swiggi/img/reviewer6.png]
[askbootstrap.com/preview/swiggi/img/reviewer2.png]
[askbootstrap.com/preview/swiggi/restaurant.html]
[askbootstrap.com/preview/swiggi/img/popular5.png]
[askbootstrap.com/preview/swiggi/img/popular6.png]
[askbootstrap.com/preview/swiggi/img/popular7.png]
[askbootstrap.com/preview/swiggi/img/popular8.png]
[askbootstrap.com/preview/swiggi/most_popular.html]
[askbootstrap.com/preview/swiggi/checkout.html]
[askbootstrap.com/preview/swiggi/favorites.html]
[askbootstrap.com/preview/swiggi/img/user1.jpg]
[askbootstrap.com/preview/swiggi/profile.html]
[askbootstrap.com/cdn-cgi/scripts/5c5dd728/cloudflare-static/email-decode.min.js]
[askbootstrap.com/preview/swiggi/img/logo.png]
[askbootstrap.com/preview/swiggi/index.html]
[askbootstrap.com/preview/swiggi/img/landing1.png]
[askbootstrap.com/preview/swiggi/img/landing2.png]
[askbootstrap.com/preview/swiggi/img/landing3.png]
[askbootstrap.com/preview/swiggi/landing.html]
[askbootstrap.com/preview/swiggi/img/bg.mp4]
[askbootstrap.com/preview/swiggi/login.html]
[askbootstrap.com/preview/swiggi/signup.html]
[askbootstrap.com/preview/swiggi/forgot_password.html]
[askbootstrap.com/preview/swiggi/verification.html]
[askbootstrap.com/preview/swiggi/img/location.png]
[askbootstrap.com/preview/swiggi/location.html]
[askbootstrap.com/preview/swiggi/select_country.html]
[askbootstrap.com/preview/swiggi/recipe.html]
[askbootstrap.com/preview/swiggi/map.html]
[askbootstrap.com/preview/swiggi/payment.html]
[askbootstrap.com/preview/swiggi/filters.html]
[askbootstrap.com/preview/swiggi/help.html]
[askbootstrap.com/preview/swiggi/terms.html]
[askbootstrap.com/preview/swiggi/faq.html]
[askbootstrap.com/preview/swiggi/privacy.html]
[askbootstrap.com/preview/swiggi/contact-us.html]
[askbootstrap.com/preview/swiggi/not-found.html]
[askbootstrap.com/preview/swiggi/maintence.html]
[askbootstrap.com/preview/swiggi/coming-soon.html]
[askbootstrap.com/preview/swiggi/vendor/jquery/jquery.min.js]
[askbootstrap.com/preview/swiggi/vendor/bootstrap/js/bootstrap.bundle.min.js]
[askbootstrap.com/preview/swiggi/vendor/slick/slick.min.js]
[askbootstrap.com/preview/swiggi/vendor/sidebar/hc-offcanvas-nav.js]
[askbootstrap.com/preview/swiggi/js/osahan.js]
[askbootstrap.com/preview/swiggi/vendor/slick/fonts/slick.svg]
[askbootstrap.com/preview/swiggi/vendor/icons/fonts/Feather144f.svg]
[askbootstrap.com/preview/swiggi/help.html]
